-- The C compiler identification is GNU 13.3.0
-- The CXX compiler identification is GNU 13.3.0
-- Detecting C compiler ABI info
-- Detecting C compiler ABI info - done
-- Check for working C compiler: /usr/bin/cc - skipped
-- Detecting C compile features
-- Detecting C compile features - done
-- Detecting CXX compiler ABI info
-- Detecting CXX compiler ABI info - done
-- Check for working CXX compiler: /usr/bin/c++ - skipped
-- Detecting CXX compile features
-- Detecting CXX compile features - done
-- ==== SpiralCoin Build Configuration ====
-- C++ Compiler: /usr/bin/c++
-- EVMC Loader: EVMC_LOADER_LIB-NOTFOUND
-- EVMC Instructions: EVMC_INSTRUCTIONS_LIB-NOTFOUND
-- =======================================
-- Configuring done (0.4s)
-- Generating done (0.0s)
-- Build files have been written to: /workspaces/spiralcoin/build
